// Jest Snapshot v1, https://goo.gl/fbAQLP

exports[`SideBar should match snapshot 1`] = `undefined`;
